C51 COMPILER V9.60.7.0   MAIN                                                              03/17/2023 19:55:12 PAGE 1   


C51 COMPILER V9.60.7.0, COMPILATION OF MODULE MAIN
OBJECT MODULE PLACED IN main.OBJ
COMPILER INVOKED BY: D:\Keil_v5\C51\BIN\C51.EXE main.c OPTIMIZE(8,SPEED) BROWSE DEBUG OBJECTEXTEND PRINT(.\Listings\main
                    -.lst) TABS(2)

line level    source

   1          #include <reg52.h>
   2          #include <intrins.h>
   3          #define uchar unsigned char
   4          #define uint unsigned int 
   5          
   6          void Delay(uint);
   7          uchar n;
   8          
   9          int main(){
  10   1        n=0xfe;
  11   1        while(1){
  12   2          P1=n;
  13   2          Delay(500);
  14   2          n=_crol_(n,1);
  15   2        }
  16   1      }
  17          
  18          void Delay(uint time){
  19   1        uint i,j;
  20   1        for(i=0;i<time;i++)
  21   1          for(j=0;j<110;j++);
  22   1      }


MODULE INFORMATION:   STATIC OVERLAYABLE
   CODE SIZE        =     60    ----
   CONSTANT SIZE    =   ----    ----
   XDATA SIZE       =   ----    ----
   PDATA SIZE       =   ----    ----
   DATA SIZE        =      1    ----
   IDATA SIZE       =   ----    ----
   BIT SIZE         =   ----    ----
END OF MODULE INFORMATION.


C51 COMPILATION COMPLETE.  0 WARNING(S),  0 ERROR(S)
