C51 COMPILER V9.60.7.0   MAIN                                                              03/17/2023 15:18:39 PAGE 1   


C51 COMPILER V9.60.7.0, COMPILATION OF MODULE MAIN
OBJECT MODULE PLACED IN main.OBJ
COMPILER INVOKED BY: D:\Keil_v5\C51\BIN\C51.EXE main.c OPTIMIZE(8,SPEED) BROWSE DEBUG OBJECTEXTEND PRINT(.\Listings\main
                    -.lst) TABS(2)

line level    source

   1          #include<reg52.h>
   2          #define uchar unsigned char
   3          #define uint unsigned int
   4          
   5          
   6          void delay_ms(uint xms){
   7   1        uint i,j;
   8   1        for(i=0;i<xms;i++)
   9   1          for(j=0;j<xms;j++);
  10   1      }
  11          
  12          void main(void)
  13          {
  14   1        uchar num,dat1,dat2;
  15   1        delay_ms(100);
  16   1        P0=0;
  17   1        while(1)
  18   1        {
  19   2          dat1=0xfe;
  20   2          dat2=0x7f;
  21   2          for(num=0;num<7;num++)
  22   2          {
  23   3            P1=dat1;
  24   3            dat1=dat1<<1; 
  25   3            delay_ms(100);
  26   3          } 
  27   2          for(num=0;num<7;num++)
  28   2          {
  29   3            P1=dat2;
  30   3            dat2=dat2>>1;
  31   3            delay_ms(100);
  32   3          }
  33   2        }
  34   1      }


MODULE INFORMATION:   STATIC OVERLAYABLE
   CODE SIZE        =     92    ----
   CONSTANT SIZE    =   ----    ----
   XDATA SIZE       =   ----    ----
   PDATA SIZE       =   ----    ----
   DATA SIZE        =   ----       2
   IDATA SIZE       =   ----    ----
   BIT SIZE         =   ----    ----
END OF MODULE INFORMATION.


C51 COMPILATION COMPLETE.  0 WARNING(S),  0 ERROR(S)
